Archive member included because of file (symbol)

c:/program files (x86)/gnu tools arm embedded/4.9 2015q3/bin/../lib/gcc/arm-none-eabi/4.9.3/armv6-m\libgcc.a(_udivsi3.o)
                              ..\obj\stm32f0xx_rcc.o (__aeabi_uidiv)
c:/program files (x86)/gnu tools arm embedded/4.9 2015q3/bin/../lib/gcc/arm-none-eabi/4.9.3/armv6-m\libgcc.a(_dvmd_tls.o)
                              c:/program files (x86)/gnu tools arm embedded/4.9 2015q3/bin/../lib/gcc/arm-none-eabi/4.9.3/armv6-m\libgcc.a(_udivsi3.o) (__aeabi_idiv0)
c:/program files (x86)/gnu tools arm embedded/4.9 2015q3/bin/../lib/gcc/arm-none-eabi/4.9.3/armv6-m\libgcc.a(unwind-arm.o)
                              ..\obj\nRF24L01.o (__aeabi_unwind_cpp_pr0)
c:/program files (x86)/gnu tools arm embedded/4.9 2015q3/bin/../lib/gcc/arm-none-eabi/4.9.3/armv6-m\libgcc.a(libunwind.o)
                              c:/program files (x86)/gnu tools arm embedded/4.9 2015q3/bin/../lib/gcc/arm-none-eabi/4.9.3/armv6-m\libgcc.a(unwind-arm.o) (restore_core_regs)
c:/program files (x86)/gnu tools arm embedded/4.9 2015q3/bin/../lib/gcc/arm-none-eabi/4.9.3/armv6-m\libgcc.a(pr-support.o)
                              c:/program files (x86)/gnu tools arm embedded/4.9 2015q3/bin/../lib/gcc/arm-none-eabi/4.9.3/armv6-m\libgcc.a(unwind-arm.o) (__gnu_unwind_execute)
c:/program files (x86)/gnu tools arm embedded/4.9 2015q3/bin/../lib/gcc/arm-none-eabi/4.9.3/../../../../arm-none-eabi/lib/armv6-m\libg.a(lib_a-memcpy.o)
                              c:/program files (x86)/gnu tools arm embedded/4.9 2015q3/bin/../lib/gcc/arm-none-eabi/4.9.3/armv6-m\libgcc.a(unwind-arm.o) (memcpy)
c:/program files (x86)/gnu tools arm embedded/4.9 2015q3/bin/../lib/gcc/arm-none-eabi/4.9.3/../../../../arm-none-eabi/lib/armv6-m\libg.a(lib_a-puts.o)
                              ..\obj\api_task.o (puts)
c:/program files (x86)/gnu tools arm embedded/4.9 2015q3/bin/../lib/gcc/arm-none-eabi/4.9.3/../../../../arm-none-eabi/lib/armv6-m\libg.a(lib_a-strlen.o)
                              ..\obj\main.o (strlen)
c:/program files (x86)/gnu tools arm embedded/4.9 2015q3/bin/../lib/gcc/arm-none-eabi/4.9.3/../../../../arm-none-eabi/lib/armv6-m\libg.a(lib_a-vsnprintf.o)
                              ..\obj\main.o (vsnprintf)
c:/program files (x86)/gnu tools arm embedded/4.9 2015q3/bin/../lib/gcc/arm-none-eabi/4.9.3/../../../../arm-none-eabi/lib/armv6-m\libg.a(lib_a-vsscanf.o)
                              ..\obj\main.o (vsscanf)
c:/program files (x86)/gnu tools arm embedded/4.9 2015q3/bin/../lib/gcc/arm-none-eabi/4.9.3/../../../../arm-none-eabi/lib/armv6-m\libg.a(lib_a-findfp.o)
                              c:/program files (x86)/gnu tools arm embedded/4.9 2015q3/bin/../lib/gcc/arm-none-eabi/4.9.3/../../../../arm-none-eabi/lib/armv6-m\libg.a(lib_a-puts.o) (__sinit)
c:/program files (x86)/gnu tools arm embedded/4.9 2015q3/bin/../lib/gcc/arm-none-eabi/4.9.3/../../../../arm-none-eabi/lib/armv6-m\libg.a(lib_a-fvwrite.o)
                              c:/program files (x86)/gnu tools arm embedded/4.9 2015q3/bin/../lib/gcc/arm-none-eabi/4.9.3/../../../../arm-none-eabi/lib/armv6-m\libg.a(lib_a-puts.o) (__sfvwrite_r)
c:/program files (x86)/gnu tools arm embedded/4.9 2015q3/bin/../lib/gcc/arm-none-eabi/4.9.3/../../../../arm-none-eabi/lib/armv6-m\libg.a(lib_a-fwalk.o)
                              c:/program files (x86)/gnu tools arm embedded/4.9 2015q3/bin/../lib/gcc/arm-none-eabi/4.9.3/../../../../arm-none-eabi/lib/armv6-m\libg.a(lib_a-findfp.o) (_fwalk)
c:/program files (x86)/gnu tools arm embedded/4.9 2015q3/bin/../lib/gcc/arm-none-eabi/4.9.3/../../../../arm-none-eabi/lib/armv6-m\libg.a(lib_a-impure.o)
                              c:/program files (x86)/gnu tools arm embedded/4.9 2015q3/bin/../lib/gcc/arm-none-eabi/4.9.3/../../../../arm-none-eabi/lib/armv6-m\libg.a(lib_a-findfp.o) (_global_impure_ptr)
c:/program files (x86)/gnu tools arm embedded/4.9 2015q3/bin/../lib/gcc/arm-none-eabi/4.9.3/../../../../arm-none-eabi/lib/armv6-m\libg.a(lib_a-mallocr.o)
                              c:/program files (x86)/gnu tools arm embedded/4.9 2015q3/bin/../lib/gcc/arm-none-eabi/4.9.3/../../../../arm-none-eabi/lib/armv6-m\libg.a(lib_a-findfp.o) (_malloc_r)
c:/program files (x86)/gnu tools arm embedded/4.9 2015q3/bin/../lib/gcc/arm-none-eabi/4.9.3/../../../../arm-none-eabi/lib/armv6-m\libg.a(lib_a-memchr.o)
                              c:/program files (x86)/gnu tools arm embedded/4.9 2015q3/bin/../lib/gcc/arm-none-eabi/4.9.3/../../../../arm-none-eabi/lib/armv6-m\libg.a(lib_a-fvwrite.o) (memchr)
c:/program files (x86)/gnu tools arm embedded/4.9 2015q3/bin/../lib/gcc/arm-none-eabi/4.9.3/../../../../arm-none-eabi/lib/armv6-m\libg.a(lib_a-memmove.o)
                              c:/program files (x86)/gnu tools arm embedded/4.9 2015q3/bin/../lib/gcc/arm-none-eabi/4.9.3/../../../../arm-none-eabi/lib/armv6-m\libg.a(lib_a-fvwrite.o) (memmove)
[...]
Memory Configuration

Name             Origin             Length             Attributes
rom              0x08000000         0x00020000         xr
ram              0x20000000         0x00004000         xrw
*default*        0x00000000         0xffffffff

Linker script and memory map

                0x20004000                _eram = 0x20004000

.text           0x08000000     0x3084
 *(.isr_vector)
 .isr_vector    0x08000000       0xc4 ..\obj\startup_stm32f0xx.o
                0x08000000                g_pfnVectors
 *(.text*)
 .text.SetCNTR  0x080000c4        0xc ..\obj\usb_core.o
                0x080000c4                SetCNTR
 .text.SetISTR  0x080000d0        0xc ..\obj\usb_core.o
                0x080000d0                SetISTR
 .text.SetBTABLE
                0x080000dc       0x10 ..\obj\usb_core.o
                0x080000dc                SetBTABLE
 .text.GetENDPOINT
                0x080000ec       0x14 ..\obj\usb_core.o
                0x080000ec                GetENDPOINT
 .text.SetEPType
                0x08000100       0x20 ..\obj\usb_core.o
                0x08000100                SetEPType
 .text.SetEPTxStatus
                0x08000120       0x34 ..\obj\usb_core.o
                0x08000120                SetEPTxStatus
 .text.SetEPRxStatus
                0x08000154       0x38 ..\obj\usb_core.o
                0x08000154                SetEPRxStatus
 .text.SetEPDoubleBuff
                0x0800018c       0x24 ..\obj\usb_core.o
                0x0800018c                SetEPDoubleBuff
 .text.ToggleDTOG_RX
                0x080001b0       0x24 ..\obj\usb_core.o
                0x080001b0                ToggleDTOG_RX
 .text.ToggleDTOG_TX
                0x080001d4       0x24 ..\obj\usb_core.o
                0x080001d4                ToggleDTOG_TX
 .text.ClearDTOG_RX
                0x080001f8       0x28 ..\obj\usb_core.o
                0x080001f8                ClearDTOG_RX
 .text.ClearDTOG_TX
                0x08000220       0x28 ..\obj\usb_core.o
                0x08000220                ClearDTOG_TX
 .text.SetEPTxAddr
                0x08000248       0x24 ..\obj\usb_core.o
                0x08000248                SetEPTxAddr
 .text.SetEPRxAddr
                0x0800026c       0x24 ..\obj\usb_core.o
                0x0800026c                SetEPRxAddr
 .text.SetEPTxCount
                0x08000290       0x20 ..\obj\usb_core.o
                0x08000290                SetEPTxCount
 .text.SetEPRxCount
                0x080002b0       0x44 ..\obj\usb_core.o
                0x080002b0                SetEPRxCount
 .text.GetEPTxCount
                0x080002f4       0x24 ..\obj\usb_core.o
                0x080002f4                GetEPTxCount
 .text.GetEPRxCount
                0x08000318       0x24 ..\obj\usb_core.o
                0x08000318                GetEPRxCount
 .text.SetEPDblBuffAddr
                0x0800033c       0x3c ..\obj\usb_core.o
                0x0800033c                SetEPDblBuffAddr
 .text.SetEPDblBuffCount
                0x08000378       0xbc ..\obj\usb_core.o
                0x08000378                SetEPDblBuffCount
 .text.GetEPDblBuf0Count
                0x08000434       0x24 ..\obj\usb_core.o
                0x08000434                GetEPDblBuf0Count
 .text.GetEPDblBuf1Count
                0x08000458       0x24 ..\obj\usb_core.o
                0x08000458                GetEPDblBuf1Count
 .text.FreeUserBuffer
                0x0800047c       0x44 ..\obj\usb_core.o
                0x0800047c                FreeUserBuffer
 .text.UserToPMABufferCopy
                0x080004c0       0x2c ..\obj\usb_core.o
                0x080004c0                UserToPMABufferCopy
 .text.PMAToUserBufferCopy
                0x080004ec       0x24 ..\obj\usb_core.o
                0x080004ec                PMAToUserBufferCopy
 .text.RCC_USBCLKConfig
                0x08000510       0x18 ..\obj\stm32f0xx_rcc.o
                0x08000510                RCC_USBCLKConfig
 .text.RCC_GetClocksFreq
                0x08000528      0x194 ..\obj\stm32f0xx_rcc.o
                0x08000528                RCC_GetClocksFreq
 .text.RCC_AHBPeriphClockCmd
                0x080006bc       0x1c ..\obj\stm32f0xx_rcc.o
                0x080006bc                RCC_AHBPeriphClockCmd
 .text.RCC_APB1PeriphClockCmd
                0x080006d8       0x1c ..\obj\stm32f0xx_rcc.o
                0x080006d8                RCC_APB1PeriphClockCmd
 .text.USBD_USR_Init
                0x080006f4        0x4 ..\obj\usbd_usr.o
                0x080006f4                USBD_USR_Init
 .text.USBD_USR_DeviceReset
                0x080006f8        0x4 ..\obj\usbd_usr.o
                0x080006f8                USBD_USR_DeviceReset
 .text.USBD_USR_DeviceConfigured
                0x080006fc        0x4 ..\obj\usbd_usr.o
                0x080006fc                USBD_USR_DeviceConfigured
 .text.USBD_USR_DeviceSuspended
                0x08000700        0x4 ..\obj\usbd_usr.o
                0x08000700                USBD_USR_DeviceSuspended
 .text.USBD_USR_DeviceResumed
                0x08000704        0x4 ..\obj\usbd_usr.o
                0x08000704                USBD_USR_DeviceResumed
 .text.UtilitiesCheckSum
                0x08000708       0x24 ..\obj\utilities.o
                0x08000708                UtilitiesCheckSum
 .text.USBD_Resume
                0x0800072c       0x18 ..\obj\usbd_core.o
 .text.USBD_Suspend
                0x08000744       0x18 ..\obj\usbd_core.o
 .text.USBD_SOF
                0x0800075c       0x14 ..\obj\usbd_core.o
 .text.USBD_Reset
                0x08000770       0x48 ..\obj\usbd_core.o
 .text.USBD_SetupStage
                0x080007b8       0x50 ..\obj\usbd_core.o
 .text.USBD_DataInStage
                0x08000808       0xa0 ..\obj\usbd_core.o
 .text.USBD_DataOutStage
                0x080008a8       0x68 ..\obj\usbd_core.o
 .text.USBD_Init
                0x08000910       0x3c ..\obj\usbd_core.o
                0x08000910                USBD_Init
 .text.USBD_SetCfg
                0x0800094c       0x1c ..\obj\usbd_core.o
                0x0800094c                USBD_SetCfg
 .text.USBD_ClrCfg
                0x08000968       0x10 ..\obj\usbd_core.o
                0x08000968                USBD_ClrCfg
 .text.LED_Init
                0x08000978       0x34 ..\obj\main.o
                0x08000978                LED_Init
 .text.USART3_Init
                0x080009ac       0xc4 ..\obj\main.o
                0x080009ac                USART3_Init
 .text.TIM3_Config
                0x08000a70       0x24 ..\obj\main.o
                0x08000a70                TIM3_Config
 .text.TIM3_Init
                0x08000a94       0x94 ..\obj\main.o
                0x08000a94                TIM3_Init
 .text.TIM15_Init
                0x08000b28       0x50 ..\obj\main.o
                0x08000b28                TIM15_Init
 .text.TIM2_IRQHandler
                0x08000b78       0x18 ..\obj\main.o
                0x08000b78                TIM2_IRQHandler
 .text.TIM3_IRQHandler
                0x08000b90       0x5c ..\obj\main.o
                0x08000b90                TIM3_IRQHandler
 .text.USART3_4_IRQHandler
                0x08000bec       0xc8 ..\obj\main.o
                0x08000bec                USART3_4_IRQHandler
 .text.GetCharnw
                0x08000cb4       0x60 ..\obj\main.o
                0x08000cb4                GetCharnw
 .text.Toggle_Leds
                0x08000d14       0x78 ..\obj\main.o
                0x08000d14                Toggle_Leds
 .text.Short_Init
                0x08000d8c       0x34 ..\obj\main.o
                0x08000d8c                Short_Init
 .text.InitGpio
                0x08000dc0       0x48 ..\obj\main.o
                0x08000dc0                InitGpio
 .text.main     0x08000e08       0x34 ..\obj\main.o
                0x08000e08                main
 .text.Reset_Handler
                0x08000e3c       0x44 ..\obj\startup_stm32f0xx.o
                0x08000e3c                Reset_Handler
 .text.Default_Handler
                0x08000e80        0x2 ..\obj\startup_stm32f0xx.o
                0x08000e80                PVD_VDDUSB_LP_IRQHandler
                0x08000e80                TIM1_CC_IRQHandler
                0x08000e80                ADC1_COMP_IRQHandler
                0x08000e80                I2C1_IRQHandler
                0x08000e80                RCC_CRS_IRQHandler
                0x08000e80                SPI1_IRQHandler
                0x08000e80                TIM6_DAC_IRQHandler
                0x08000e80                EXTI2_3_IRQHandler
                0x08000e80                I2C2_IRQHandler
                0x08000e80                TIM17_IRQHandler
                0x08000e80                CEC_CAN_IRQHandler
                0x08000e80                RTC_IRQHandler
                0x08000e80                DMA1_Channel4_5_6_7_IRQHandler
                0x08000e80                TIM16_IRQHandler
                0x08000e80                EXTI4_15_IRQHandler
                0x08000e80                DMA1_Channel1_IRQHandler
                0x08000e80                Default_Handler
                0x08000e80                TIM14_IRQHandler
                0x08000e80                TIM7_IRQHandler
                0x08000e80                TIM15_IRQHandler
                0x08000e80                EXTI0_1_IRQHandler
                0x08000e80                SPI2_IRQHandler
                0x08000e80                TS_IRQHandler
                0x08000e80                WWDG_IRQHandler
                0x08000e80                DMA1_Channel2_3_IRQHandler
                0x08000e80                FLASH_IRQHandler
                0x08000e80                USART1_IRQHandler
                0x08000e80                TIM1_BRK_UP_TRG_COM_IRQHandler
 *fill*         0x08000e82        0x2 
 .text.USBD_USR_DeviceDescriptor
                0x08000e84        0xc ..\obj\usbd_desc.o
                0x08000e84                USBD_USR_DeviceDescriptor
 .text.USBD_USR_LangIDStrDescriptor
                0x08000e90       0x10 ..\obj\usbd_desc.o
                0x08000e90                USBD_USR_LangIDStrDescriptor
 .text.USBD_USR_SerialStrDescriptor
                0x08000ea0        0xc ..\obj\usbd_desc.o
                0x08000ea0                USBD_USR_SerialStrDescriptor
 .text.IntToUnicode
                0x08000eac       0x30 ..\obj\usbd_desc.o
 .text.USBD_USR_ProductStrDescriptor
                0x08000edc       0x1c ..\obj\usbd_desc.o
                0x08000edc                USBD_USR_ProductStrDescriptor
 .text.USBD_USR_ManufacturerStrDescriptor
                0x08000ef8       0x1c ..\obj\usbd_desc.o
                0x08000ef8                USBD_USR_ManufacturerStrDescriptor
 .text.USBD_USR_ConfigStrDescriptor
                0x08000f14       0x1c ..\obj\usbd_desc.o
                0x08000f14                USBD_USR_ConfigStrDescriptor
 .text.USBD_USR_InterfaceStrDescriptor
                0x08000f30       0x1c ..\obj\usbd_desc.o
                0x08000f30                USBD_USR_InterfaceStrDescriptor
 .text.Get_SerialNum
                0x08000f4c       0x3c ..\obj\usbd_desc.o
                0x08000f4c                Get_SerialNum
 .text.Suspend  0x08000f88       0x1c ..\obj\usbd_pwr.o
                0x08000f88                Suspend
 .text.Resume_Init
                0x08000fa4       0x1c ..\obj\usbd_pwr.o
                0x08000fa4                Resume_Init
 .text.Resume   0x08000fc0       0xcc ..\obj\usbd_pwr.o
                0x08000fc0                Resume
 .text.GPIO_Init
                0x0800108c       0xa4 ..\obj\stm32f0xx_gpio.o
                0x0800108c                GPIO_Init
 .text.GPIO_SetBits
                0x08001130        0x4 ..\obj\stm32f0xx_gpio.o
                0x08001130                GPIO_SetBits
 .text.GPIO_PinAFConfig
                0x08001134       0x24 ..\obj\stm32f0xx_gpio.o
                0x08001134                GPIO_PinAFConfig
 .text.VCP_DeInit
                0x08001158        0x4 ..\obj\usbd_cdc_vcp.o
 .text.VCP_DataRx
                0x0800115c       0x8c ..\obj\usbd_cdc_vcp.o
 .text.VCP_DataTx
                0x080011e8       0x3c ..\obj\usbd_cdc_vcp.o
 .text.VCP_COMConfig
                0x08001224      0x108 ..\obj\usbd_cdc_vcp.o
 .text.VCP_Ctrl
                0x0800132c       0x60 ..\obj\usbd_cdc_vcp.o
 .text.VCP_Init
                0x0800138c       0x50 ..\obj\usbd_cdc_vcp.o
 .text.USART2_IRQHandler
                0x080013dc       0x34 ..\obj\usbd_cdc_vcp.o
                0x080013dc                USART2_IRQHandler
 .text.USART_Init
                0x08001410       0xcc ..\obj\stm32f0xx_usart.o
                0x08001410                USART_Init
 .text.USART_Cmd
                0x080014dc       0x18 ..\obj\stm32f0xx_usart.o
                0x080014dc                USART_Cmd
 .text.USART_ReceiveData
                0x080014f4        0x8 ..\obj\stm32f0xx_usart.o
                0x080014f4                USART_ReceiveData
 .text.USART_ITConfig
                0x080014fc       0x38 ..\obj\stm32f0xx_usart.o
                0x080014fc                USART_ITConfig
 .text.USART_GetFlagStatus
                0x08001534        0xc ..\obj\stm32f0xx_usart.o
                0x08001534                USART_GetFlagStatus
 .text.USART_GetITStatus
                0x08001540       0x44 ..\obj\stm32f0xx_usart.o
                0x08001540                USART_GetITStatus
 .text.USART_ClearITPendingBit
                0x08001584        0xc ..\obj\stm32f0xx_usart.o
                0x08001584                USART_ClearITPendingBit
 .text.CRS_FrequencyErrorCounterCmd
                0x08001590       0x20 ..\obj\stm32f0xx_crs.o
                0x08001590                CRS_FrequencyErrorCounterCmd
 .text.CRS_AutomaticCalibrationCmd
                0x080015b0       0x20 ..\obj\stm32f0xx_crs.o
                0x080015b0                CRS_AutomaticCalibrationCmd
 .text.CRS_SynchronizationSourceConfig
                0x080015d0       0x1c ..\obj\stm32f0xx_crs.o
                0x080015d0                CRS_SynchronizationSourceConfig
 .text.USB_BSP_Init
                0x080015ec       0x34 ..\obj\usb_bsp.o
                0x080015ec                USB_BSP_Init
 .text.USB_BSP_EnableInterrupt
                0x08001620       0x18 ..\obj\usb_bsp.o
                0x08001620                USB_BSP_EnableInterrupt
 .text.TIM_TimeBaseInit
                0x08001638       0xa4 ..\obj\stm32f0xx_tim.o
                0x08001638                TIM_TimeBaseInit
 .text.TIM_PrescalerConfig
                0x080016dc        0x8 ..\obj\stm32f0xx_tim.o
                0x080016dc                TIM_PrescalerConfig
 .text.TIM_SetCounter
                0x080016e4        0x4 ..\obj\stm32f0xx_tim.o
                0x080016e4                TIM_SetCounter
 .text.TIM_Cmd  0x080016e8       0x18 ..\obj\stm32f0xx_tim.o
                0x080016e8                TIM_Cmd
 .text.TIM_OC3Init
                0x08001700       0x84 ..\obj\stm32f0xx_tim.o
                0x08001700                TIM_OC3Init
 .text.TIM_OC3PreloadConfig
                0x08001784        0xc ..\obj\stm32f0xx_tim.o
                0x08001784                TIM_OC3PreloadConfig
 .text.TIM_ITConfig
                0x08001790       0x14 ..\obj\stm32f0xx_tim.o
                0x08001790                TIM_ITConfig
 .text.TIM_GetITStatus
                0x080017a4       0x18 ..\obj\stm32f0xx_tim.o
                0x080017a4                TIM_GetITStatus
 .text.TIM_ClearITPendingBit
                0x080017bc        0x8 ..\obj\stm32f0xx_tim.o
                0x080017bc                TIM_ClearITPendingBit
 .text.USBD_StdDevReq
                0x080017c4      0x2b4 ..\obj\usbd_req.o
                0x080017c4                USBD_StdDevReq
 .text.USBD_StdItfReq
                0x08001a78       0x48 ..\obj\usbd_req.o
                0x08001a78                USBD_StdItfReq
 .text.USBD_StdEPReq
                0x08001ac0      0x100 ..\obj\usbd_req.o
                0x08001ac0                USBD_StdEPReq
 .text.USBD_ParseSetupRequest
                0x08001bc0       0x30 ..\obj\usbd_req.o
                0x08001bc0                USBD_ParseSetupRequest
 .text.USBD_CtlError
                0x08001bf0        0xc ..\obj\usbd_req.o
                0x08001bf0                USBD_CtlError
 .text.USBD_GetString
                0x08001bfc       0x4c ..\obj\usbd_req.o
                0x08001bfc                USBD_GetString
 .text.NMI_Handler
                0x08001c48        0x4 ..\obj\stm32_it.o
                0x08001c48                NMI_Handler
 .text.HardFault_Handler
                0x08001c4c        0x4 ..\obj\stm32_it.o
                0x08001c4c                HardFault_Handler
 .text.SVC_Handler
                0x08001c50        0x4 ..\obj\stm32_it.o
                0x08001c50                SVC_Handler
 .text.PendSV_Handler
                0x08001c54        0x4 ..\obj\stm32_it.o
                0x08001c54                PendSV_Handler
 .text.SysTick_Handler
                0x08001c58        0x4 ..\obj\stm32_it.o
                0x08001c58                SysTick_Handler
 .text.USB_LP_IRQHandler
                0x08001c5c        0x8 ..\obj\stm32_it.o
                0x08001c5c                USB_LP_IRQHandler
 .text.CTR      0x08001c64      0x410 ..\obj\usb_dcd_int.o
                0x08001c64                CTR
 .text.USB_Istr
                0x08002074      0x118 ..\obj\usb_dcd_int.o
                0x08002074                USB_Istr
 .text.SystemInit
                0x0800218c      0x108 ..\obj\system_stm32f0xx.o
                0x0800218c                SystemInit
 .text.usbd_cdc_EP0_RxReady
                0x08002294       0x30 ..\obj\usbd_cdc_core.o
                0x08002294                usbd_cdc_EP0_RxReady
 .text.USBD_cdc_GetCfgDesc
                0x080022c4        0xc ..\obj\usbd_cdc_core.o
 .text.usbd_cdc_Init
                0x080022d0       0x6c ..\obj\usbd_cdc_core.o
                0x080022d0                usbd_cdc_Init
 .text.usbd_cdc_DataOut
                0x0800233c       0x34 ..\obj\usbd_cdc_core.o
                0x0800233c                usbd_cdc_DataOut
 .text.usbd_cdc_DeInit
                0x08002370       0x28 ..\obj\usbd_cdc_core.o
                0x08002370                usbd_cdc_DeInit
 .text.usbd_cdc_Setup
                0x08002398       0xd4 ..\obj\usbd_cdc_core.o
                0x08002398                usbd_cdc_Setup
 .text.usbd_cdc_DataIn
                0x0800246c       0x70 ..\obj\usbd_cdc_core.o
                0x0800246c                usbd_cdc_DataIn
 .text.usbd_cdc_SOF
                0x080024dc       0xb0 ..\obj\usbd_cdc_core.o
                0x080024dc                usbd_cdc_SOF
 .text.STM_EVAL_COMInit
                0x0800258c       0x78 ..\obj\stm32072b_eval.o
                0x0800258c                STM_EVAL_COMInit
 .text.DCD_Init
                0x08002604       0x38 ..\obj\usb_dcd.o
                0x08002604                DCD_Init
 .text.DCD_PMA_Config
                0x0800263c       0x3c ..\obj\usb_dcd.o
                0x0800263c                DCD_PMA_Config
 .text.DCD_EP_Open
                0x08002678      0x138 ..\obj\usb_dcd.o
                0x08002678                DCD_EP_Open
 .text.DCD_EP_Close
                0x080027b0       0xa4 ..\obj\usb_dcd.o
                0x080027b0                DCD_EP_Close
 .text.DCD_EP_PrepareRx
                0x08002854       0x9c ..\obj\usb_dcd.o
                0x08002854                DCD_EP_PrepareRx
 .text.DCD_EP_Tx
                0x080028f0       0xc4 ..\obj\usb_dcd.o
                0x080028f0                DCD_EP_Tx
 .text.DCD_EP_Stall
                0x080029b4       0x74 ..\obj\usb_dcd.o
                0x080029b4                DCD_EP_Stall
 .text.DCD_EP_ClrStall
                0x08002a28       0x54 ..\obj\usb_dcd.o
                0x08002a28                DCD_EP_ClrStall
 .text.DCD_EP_SetAddress
                0x08002a7c       0x44 ..\obj\usb_dcd.o
                0x08002a7c                DCD_EP_SetAddress
 .text.DCD_DevConnect
                0x08002ac0       0x18 ..\obj\usb_dcd.o
                0x08002ac0                DCD_DevConnect
 .text.ApiTaskPacketAnalyze
                0x08002ad8      0x16c ..\obj\api_task.o
                0x08002ad8                ApiTaskPacketAnalyze
 .text.ApiTaskCommunicationReceivePC
                0x08002c44       0xbc ..\obj\api_task.o
                0x08002c44                ApiTaskCommunicationReceivePC
 .text.USBD_CtlSendData
                0x08002d00       0x1c ..\obj\usbd_ioreq.o
                0x08002d00                USBD_CtlSendData
 .text.USBD_CtlContinueSendData
                0x08002d1c       0x14 ..\obj\usbd_ioreq.o
                0x08002d1c                USBD_CtlContinueSendData
 .text.USBD_CtlPrepareRx
                0x08002d30       0x20 ..\obj\usbd_ioreq.o
                0x08002d30                USBD_CtlPrepareRx
 .text.USBD_CtlContinueRx
                0x08002d50       0x14 ..\obj\usbd_ioreq.o
                0x08002d50                USBD_CtlContinueRx
 .text.USBD_CtlSendStatus
                0x08002d64       0x14 ..\obj\usbd_ioreq.o
                0x08002d64                USBD_CtlSendStatus
 .text.USBD_CtlReceiveStatus
                0x08002d78       0x14 ..\obj\usbd_ioreq.o
                0x08002d78                USBD_CtlReceiveStatus
 .text.NVIC_Init
                0x08002d8c       0x60 ..\obj\stm32f0xx_misc.o
                0x08002d8c                NVIC_Init
 .text          0x08002dec      0x120 c:/program files (x86)/gnu tools arm embedded/4.9 2015q3/bin/../lib/gcc/arm-none-eabi/4.9.3/armv6-m\libgcc.a(_udivsi3.o)
                0x08002dec                __aeabi_uidiv
                0x08002dec                __udivsi3
                0x08002ef8                __aeabi_uidivmod
 .text          0x08002f0c        0x4 c:/program files (x86)/gnu tools arm embedded/4.9 2015q3/bin/../lib/gcc/arm-none-eabi/4.9.3/armv6-m\libgcc.a(_dvmd_tls.o)
                0x08002f0c                __aeabi_idiv0
                0x08002f0c                __aeabi_ldiv0
 *(.init)
 *(.fini)
 *crtbegin.o(.ctors)
 *crtbegin?.o(.ctors)
 *(EXCLUDE_FILE(*crtend.o *crtend?.o) .ctors)
 *(SORT(.ctors.*))
 *(.ctors)
 *crtbegin.o(.dtors)
 *crtbegin?.o(.dtors)
 *(EXCLUDE_FILE(*crtend.o *crtend?.o) .dtors)
 *(SORT(.dtors.*))
 *(.dtors)
 *(.rodata*)
 .rodata        0x08002f10       0x22 ..\obj\usbd_desc.o
                0x08002f10                USBD_DeviceDesc
                0x08002f24                USBD_LangIDDesc
                0x08002f28                USBD_DeviceQualifierDesc
 *fill*         0x08002f32        0x2 
 .rodata.str1.4
                0x08002f34       0x54 ..\obj\usbd_desc.o
                                 0x52 (size before relaxing)
 .rodata        0x08002f88       0x18 ..\obj\usbd_pwr.o
 .rodata        0x08002fa0       0x60 ..\obj\usbd_req.o
 .rodata        0x08003000       0x43 ..\obj\usbd_cdc_core.o
                0x08003000                usbd_cdc_CfgDesc
 *fill*         0x08003043        0x1 
 .rodata        0x08003044       0x40 ..\obj\api_task.o
 *(.eh_fram e*)

.glue_7         0x08003084        0x0
 .glue_7        0x00000000        0x0 linker stubs

.glue_7t        0x08003084        0x0
 .glue_7t       0x00000000        0x0 linker stubs

.vfp11_veneer   0x08003084        0x0
 .vfp11_veneer  0x00000000        0x0 linker stubs

.v4_bx          0x08003084        0x0
 .v4_bx         0x00000000        0x0 linker stubs

.iplt           0x08003084        0x0
 .iplt          0x00000000        0x0 ..\obj\usb_core.o

.rel.dyn        0x08003084        0x0
 .rel.iplt      0x00000000        0x0 ..\obj\usb_core.o

.ARM.extab
 *(.ARM.extab* .gnu.linkonce.armextab.*)
                0x08003084                __exidx_start = .

.ARM.exidx
 *(.ARM.exidx* .gnu.linkonce.armexidx.*)
                0x08003084                __exidx_end = .
                0x08003084                __etext = .
                0x08003084                _sidata = __etext

.data           0x20000000       0xf0 load address 0x08003084
                0x20000000                __data_start__ = .
                0x20000000                _sdata = __data_start__
 *(vtable)
 *(.data*)
 .data          0x20000000       0x10 ..\obj\stm32f0xx_rcc.o
 .data          0x20000010       0x14 ..\obj\usbd_usr.o
                0x20000010                USR_cb
 .data          0x20000024       0x20 ..\obj\usbd_core.o
                0x20000024                USBD_DCD_INT_fops
                0x20000028                USBD_DCD_INT_cb
 .data          0x20000044       0x38 ..\obj\usbd_desc.o
                0x20000044                USBD_StringSerial
                0x20000060                USR_desc
 .data          0x2000007c       0x1c ..\obj\usbd_cdc_vcp.o
                0x2000007c                linecoding
                0x20000084                VCP_fops
 .data          0x20000098       0x14 ..\obj\system_stm32f0xx.o
                0x20000098                SystemCoreClock
                0x2000009c                AHBPrescTable
 .data          0x200000ac       0x28 ..\obj\usbd_cdc_core.o
                0x200000b0                USBD_CDC_cb
 .data          0x200000d4       0x1c ..\obj\stm32072b_eval.o
                0x200000d4                COM_TX_PORT
                0x200000d8                COM_RX_PORT
                0x200000dc                COM_USART
                0x200000e0                GPIO_PORT
                0x200000f0                . = ALIGN (0x4)
                0x200000f0                PROVIDE (__preinit_array_start, .)
 *(.preinit_array)
                0x200000f0                PROVIDE (__preinit_array_end, .)
                0x200000f0                . = ALIGN (0x4)
                0x200000f0                PROVIDE (__init_array_start, .)
 *(SORT(.init_array.*))
 *(.init_array)
                0x200000f0                PROVIDE (__init_array_end, .)
                0x200000f0                . = ALIGN (0x4)
                0x200000f0                PROVIDE (__fini_array_start, .)
 *(SORT(.fini_array.*))
 *(.fini_array)
                0x200000f0                PROVIDE (__fini_array_end, .)
 *(.jcr*)
                0x200000f0                . = ALIGN (0x4)
                0x200000f0                __data_end__ = .
                0x200000f0                _edata = __data_end__

.igot.plt       0x200000f0        0x0 load address 0x08003174
 .igot.plt      0x00000000        0x0 ..\obj\usb_core.o

.bss            0x200000f0      0xd60 load address 0x08003174
                0x200000f0                . = ALIGN (0x4)
                0x200000f0                __bss_start__ = .
                0x200000f0                _sbss = __bss_start__
 *(.bss*)
 .bss           0x200000f0       0x1f ..\obj\main.o
                0x200000f0                TimerPeriod
                0x200000f2                Channel1Pulse
                0x200000f4                Channel2Pulse
                0x200000f6                IC2Value
                0x200000f8                usbrxheadptr
                0x200000fc                usbrxtailptr
                0x20000100                grnflip
                0x20000101                redflip
                0x20000104                Frequency
                0x20000108                DutyCycle
                0x2000010a                Channel4Pulse
                0x2000010c                Channel3Pulse
                0x2000010e                flip
 *fill*         0x2000010f        0x1 
 .bss           0x20000110        0x4 ..\obj\usbd_pwr.o
                0x20000110                remotewakeupon
 .bss           0x20000114        0x5 ..\obj\usbd_req.o
                0x20000114                ADDRESS
 *fill*         0x20000119        0x3 
 .bss           0x2000011c       0x20 ..\obj\usbd_cdc_core.o
                0x20000124                USB_Tx_State
                0x20000128                APP_Rx_length
                0x2000012c                last_packet
                0x20000130                APP_Rx_ptr_out
                0x20000138                APP_Rx_ptr_in
 .bss           0x2000013c        0x4 ..\obj\usb_dcd.o
                0x2000013c                wInterrupt_Mask
 .bss           0x20000140        0x4 ..\obj\api_task.o
 *(COMMON)
 COMMON         0x20000144      0x454 ..\obj\main.o
                0x20000144                TIM_TimeBaseStructure
                0x20000150                rx3headptr
                0x20000154                mseccountdown2
                0x20000158                USB_Device_dev
                0x200002c0                tx3tailptr
                0x200002c4                fpout
                0x200002c8                mseccountdown3
                0x200002cc                TIM_OCInitStructure
                0x200002e0                rx3buffer
                0x20000330                tx3headptr
                0x20000334                tx3buffer
                0x20000384                rx3tailptr
                0x20000388                TIM_ICInitStructure
                0x20000394                usbrxbuffer
                0x20000594                mseccountdown1
 COMMON         0x20000598        0x2 ..\obj\usbd_pwr.o
                0x20000598                ResumeS
 *fill*         0x2000059a        0x2 
 COMMON         0x2000059c       0x18 ..\obj\usbd_cdc_vcp.o
                0x2000059c                USART_InitStructure
 COMMON         0x200005b4       0xff ..\obj\usbd_req.o
                0x200005b4                USBD_StrDesc
 *fill*         0x200006b3        0x1 
 COMMON         0x200006b4      0x48c ..\obj\usbd_cdc_core.o
                0x200006b4                usbd_cdc_OtherCfgDesc
                0x200006f8                USB_Rx_Buffer
                0x20000738                CmdBuff
                0x20000740                APP_Rx_Buffer
 COMMON         0x20000b40      0x310 ..\obj\api_task.o
                0x20000b40                apiInfo
                0x20000e50                . = ALIGN (0x4)
                0x20000e50                __bss_end__ = .
                0x20000e50                _ebss = __bss_end__

.heap           0x20000e50        0x0
                0x20000e50                __end__ = .
                0x20000e50                _end = __end__
                0x20000e50                end = __end__
 *(.heap*)
                0x20000e50                __HeapLimit = .

.co_stack       0x20000e50        0x0
                0x20000e50                . = ALIGN (0x8)
 *(.co_stack .co_stack.*)
                0x20004000                __StackTop = (ORIGIN (ram) + 0x4000)
                0x20004000                __StackLimit = (__StackTop - SIZEOF (.co_stack))
                0x20004000                PROVIDE (__stack, __StackTop)
                0x00000001                ASSERT ((__StackLimit >= __HeapLimit), region ram  overflowed with stack)
LOAD ..\obj\usb_core.o
LOAD ..\obj\stm32f0xx_rcc.o
LOAD ..\obj\usbd_usr.o
LOAD ..\obj\stm32f0xx_adc.o
LOAD ..\obj\utilities.o
LOAD ..\obj\nRF24L01.o
LOAD ..\obj\usbd_core.o
LOAD ..\obj\main.o
LOAD ..\obj\startup_stm32f0xx.o
LOAD ..\obj\stm32f0xx_dma.o
LOAD ..\obj\stm32f0xx_spi.o
LOAD ..\obj\usbd_desc.o
LOAD ..\obj\stm32f0xx_i2c.o
LOAD ..\obj\usbd_pwr.o
LOAD ..\obj\stm32f0xx_gpio.o
LOAD ..\obj\stm32f0xx_comp.o
LOAD ..\obj\usbd_cdc_vcp.o
LOAD ..\obj\stm32f0xx_rtc.o
LOAD ..\obj\syscalls.o
LOAD ..\obj\stm32f0xx_usart.o
LOAD ..\obj\stm32f0xx_crs.o
LOAD ..\obj\usb_bsp.o
LOAD ..\obj\stm32f0xx_tim.o
LOAD ..\obj\usbd_req.o
LOAD ..\obj\stm32_it.o
LOAD ..\obj\usb_dcd_int.o
LOAD ..\obj\system_stm32f0xx.o
LOAD ..\obj\usbd_cdc_core.o
LOAD ..\obj\stm32f0xx_flash.o
LOAD ..\obj\stm32f0xx_exti.o
LOAD ..\obj\stm32072b_eval.o
LOAD ..\obj\usb_dcd.o
LOAD ..\obj\api_task.o
LOAD ..\obj\stm32f0xx_syscfg.o
LOAD ..\obj\stm32f0xx_pwr.o
LOAD ..\obj\usbd_ioreq.o
LOAD ..\obj\stm32f0xx_misc.o
LOAD ..\obj\stm32f0xx_dac.o
START GROUP
LOAD c:/program files (x86)/gnu tools arm embedded/4.9 2015q3/bin/../lib/gcc/arm-none-eabi/4.9.3/armv6-m\libgcc.a
LOAD c:/program files (x86)/gnu tools arm embedded/4.9 2015q3/bin/../lib/gcc/arm-none-eabi/4.9.3/../../../../arm-none-eabi/lib/armv6-m\libg.a
LOAD c:/program files (x86)/gnu tools arm embedded/4.9 2015q3/bin/../lib/gcc/arm-none-eabi/4.9.3/../../../../arm-none-eabi/lib/armv6-m\libc.a
END GROUP
OUTPUT(STM32F072B CDC USB Project.elf elf32-littlearm)

.debug_info     0x00000000     0xfbdb
 .debug_info    0x00000000      0xd81 ..\obj\usb_core.o
 .debug_info    0x00000d81      0xa6a ..\obj\stm32f0xx_rcc.o
 .debug_info    0x000017eb      0x169 ..\obj\usbd_usr.o
 .debug_info    0x00001954      0x2fa ..\obj\utilities.o
 .debug_info    0x00001c4e      0xbdc ..\obj\usbd_core.o
 .debug_info    0x0000282a     0x2c31 ..\obj\main.o
 .debug_info    0x0000545b      0x100 ..\obj\startup_stm32f0xx.o
 .debug_info    0x0000555b      0x50c ..\obj\usbd_desc.o
 .debug_info    0x00005a67      0x2d2 ..\obj\usbd_pwr.o
 .debug_info    0x00005d39      0x71d ..\obj\stm32f0xx_gpio.o
 .debug_info    0x00006456      0x83b ..\obj\usbd_cdc_vcp.o
 .debug_info    0x00006c91      0xf54 ..\obj\stm32f0xx_usart.o
 .debug_info    0x00007be5      0x3f8 ..\obj\stm32f0xx_crs.o
 .debug_info    0x00007fdd      0x77c ..\obj\usb_bsp.o
 .debug_info    0x00008759     0x209c ..\obj\stm32f0xx_tim.o
 .debug_info    0x0000a7f5     0x116f ..\obj\usbd_req.o
 .debug_info    0x0000b964       0xea ..\obj\stm32_it.o
 .debug_info    0x0000ba4e      0xa00 ..\obj\usb_dcd_int.o
 .debug_info    0x0000c44e      0x313 ..\obj\system_stm32f0xx.o
 .debug_info    0x0000c761      0xca7 ..\obj\usbd_cdc_core.o
 .debug_info    0x0000d408      0x742 ..\obj\stm32072b_eval.o
 .debug_info    0x0000db4a      0xe73 ..\obj\usb_dcd.o
 .debug_info    0x0000e9bd      0x6e7 ..\obj\api_task.o
 .debug_info    0x0000f0a4      0x7ce ..\obj\usbd_ioreq.o
 .debug_info    0x0000f872      0x369 ..\obj\stm32f0xx_misc.o

.debug_abbrev   0x00000000     0x2e43
 .debug_abbrev  0x00000000      0x1ed ..\obj\usb_core.o
 .debug_abbrev  0x000001ed      0x22e ..\obj\stm32f0xx_rcc.o
 .debug_abbrev  0x0000041b       0xc5 ..\obj\usbd_usr.o
 .debug_abbrev  0x000004e0      0x14a ..\obj\utilities.o
 .debug_abbrev  0x0000062a      0x29b ..\obj\usbd_core.o
 .debug_abbrev  0x000008c5      0x47e ..\obj\main.o
 .debug_abbrev  0x00000d43       0x12 ..\obj\startup_stm32f0xx.o
 .debug_abbrev  0x00000d55      0x177 ..\obj\usbd_desc.o
 .debug_abbrev  0x00000ecc      0x15a ..\obj\usbd_pwr.o
 .debug_abbrev  0x00001026      0x1d2 ..\obj\stm32f0xx_gpio.o
 .debug_abbrev  0x000011f8      0x242 ..\obj\usbd_cdc_vcp.o
 .debug_abbrev  0x0000143a      0x1ba ..\obj\stm32f0xx_usart.o
 .debug_abbrev  0x000015f4      0x18d ..\obj\stm32f0xx_crs.o
 .debug_abbrev  0x00001781      0x1a5 ..\obj\usb_bsp.o
 .debug_abbrev  0x00001926      0x284 ..\obj\stm32f0xx_tim.o
 .debug_abbrev  0x00001baa      0x309 ..\obj\usbd_req.o
 .debug_abbrev  0x00001eb3       0x76 ..\obj\stm32_it.o
 .debug_abbrev  0x00001f29      0x202 ..\obj\usb_dcd_int.o
 .debug_abbrev  0x0000212b      0x14e ..\obj\system_stm32f0xx.o
 .debug_abbrev  0x00002279      0x2d5 ..\obj\usbd_cdc_core.o
 .debug_abbrev  0x0000254e      0x17c ..\obj\stm32072b_eval.o
 .debug_abbrev  0x000026ca      0x24b ..\obj\usb_dcd.o
 .debug_abbrev  0x00002915      0x27a ..\obj\api_task.o
 .debug_abbrev  0x00002b8f      0x162 ..\obj\usbd_ioreq.o
 .debug_abbrev  0x00002cf1      0x152 ..\obj\stm32f0xx_misc.o

.debug_loc      0x00000000     0x737d
 .debug_loc     0x00000000      0xca6 ..\obj\usb_core.o
 .debug_loc     0x00000ca6      0x939 ..\obj\stm32f0xx_rcc.o
 .debug_loc     0x000015df      0x14e ..\obj\utilities.o
 .debug_loc     0x0000172d      0x482 ..\obj\usbd_core.o
 .debug_loc     0x00001baf      0x34a ..\obj\main.o
 .debug_loc     0x00001ef9      0x26a ..\obj\usbd_desc.o
 .debug_loc     0x00002163       0xa0 ..\obj\usbd_pwr.o
 .debug_loc     0x00002203      0x2a4 ..\obj\stm32f0xx_gpio.o
 .debug_loc     0x000024a7      0x24b ..\obj\usbd_cdc_vcp.o
 .debug_loc     0x000026f2      0x923 ..\obj\stm32f0xx_usart.o
 .debug_loc     0x00003015      0x184 ..\obj\stm32f0xx_crs.o
 .debug_loc     0x00003199       0x42 ..\obj\usb_bsp.o
 .debug_loc     0x000031db     0x1c07 ..\obj\stm32f0xx_tim.o
 .debug_loc     0x00004de2     0x11b6 ..\obj\usbd_req.o
 .debug_loc     0x00005f98      0x103 ..\obj\usb_dcd_int.o
 .debug_loc     0x0000609b      0x113 ..\obj\system_stm32f0xx.o
 .debug_loc     0x000061ae      0x46d ..\obj\usbd_cdc_core.o
 .debug_loc     0x0000661b       0x4d ..\obj\stm32072b_eval.o
 .debug_loc     0x00006668      0x872 ..\obj\usb_dcd.o
 .debug_loc     0x00006eda      0x1f3 ..\obj\api_task.o
 .debug_loc     0x000070cd      0x23c ..\obj\usbd_ioreq.o
 .debug_loc     0x00007309       0x74 ..\obj\stm32f0xx_misc.o

.debug_aranges  0x00000000      0xf88
 .debug_aranges
                0x00000000      0x200 ..\obj\usb_core.o
 .debug_aranges
                0x00000200      0x160 ..\obj\stm32f0xx_rcc.o
 .debug_aranges
                0x00000360       0x40 ..\obj\usbd_usr.o
 .debug_aranges
                0x000003a0       0x58 ..\obj\utilities.o
 .debug_aranges
                0x000003f8       0x70 ..\obj\usbd_core.o
 .debug_aranges
                0x00000468      0x128 ..\obj\main.o
 .debug_aranges
                0x00000590       0x28 ..\obj\startup_stm32f0xx.o
 .debug_aranges
                0x000005b8       0x60 ..\obj\usbd_desc.o
 .debug_aranges
                0x00000618       0x38 ..\obj\usbd_pwr.o
 .debug_aranges
                0x00000650       0x80 ..\obj\stm32f0xx_gpio.o
 .debug_aranges
                0x000006d0       0x50 ..\obj\usbd_cdc_vcp.o
 .debug_aranges
                0x00000720      0x1a0 ..\obj\stm32f0xx_usart.o
 .debug_aranges
                0x000008c0       0xb0 ..\obj\stm32f0xx_crs.o
 .debug_aranges
                0x00000970       0x28 ..\obj\usb_bsp.o
 .debug_aranges
                0x00000998      0x2f0 ..\obj\stm32f0xx_tim.o
 .debug_aranges
                0x00000c88       0x48 ..\obj\usbd_req.o
 .debug_aranges
                0x00000cd0       0x48 ..\obj\stm32_it.o
 .debug_aranges
                0x00000d18       0x28 ..\obj\usb_dcd_int.o
 .debug_aranges
                0x00000d40       0x28 ..\obj\system_stm32f0xx.o
 .debug_aranges
                0x00000d68       0x58 ..\obj\usbd_cdc_core.o
 .debug_aranges
                0x00000dc0       0x20 ..\obj\stm32072b_eval.o
 .debug_aranges
                0x00000de0       0x88 ..\obj\usb_dcd.o
 .debug_aranges
                0x00000e68       0xa0 ..\obj\api_task.o
 .debug_aranges
                0x00000f08       0x50 ..\obj\usbd_ioreq.o
 .debug_aranges
                0x00000f58       0x30 ..\obj\stm32f0xx_misc.o

.debug_ranges   0x00000000      0xe70
 .debug_ranges  0x00000000      0x260 ..\obj\usb_core.o
 .debug_ranges  0x00000260      0x150 ..\obj\stm32f0xx_rcc.o
 .debug_ranges  0x000003b0       0x30 ..\obj\usbd_usr.o
 .debug_ranges  0x000003e0       0x48 ..\obj\utilities.o
 .debug_ranges  0x00000428       0x60 ..\obj\usbd_core.o
 .debug_ranges  0x00000488      0x118 ..\obj\main.o
 .debug_ranges  0x000005a0       0x20 ..\obj\startup_stm32f0xx.o
 .debug_ranges  0x000005c0       0x50 ..\obj\usbd_desc.o
 .debug_ranges  0x00000610       0x28 ..\obj\usbd_pwr.o
 .debug_ranges  0x00000638       0x70 ..\obj\stm32f0xx_gpio.o
 .debug_ranges  0x000006a8       0x40 ..\obj\usbd_cdc_vcp.o
 .debug_ranges  0x000006e8      0x190 ..\obj\stm32f0xx_usart.o
 .debug_ranges  0x00000878       0xa0 ..\obj\stm32f0xx_crs.o
 .debug_ranges  0x00000918       0x18 ..\obj\usb_bsp.o
 .debug_ranges  0x00000930      0x2e0 ..\obj\stm32f0xx_tim.o
 .debug_ranges  0x00000c10       0x38 ..\obj\usbd_req.o
 .debug_ranges  0x00000c48       0x38 ..\obj\stm32_it.o
 .debug_ranges  0x00000c80       0x18 ..\obj\usb_dcd_int.o
 .debug_ranges  0x00000c98       0x18 ..\obj\system_stm32f0xx.o
 .debug_ranges  0x00000cb0       0x48 ..\obj\usbd_cdc_core.o
 .debug_ranges  0x00000cf8       0x10 ..\obj\stm32072b_eval.o
 .debug_ranges  0x00000d08       0x78 ..\obj\usb_dcd.o
 .debug_ranges  0x00000d80       0x90 ..\obj\api_task.o
 .debug_ranges  0x00000e10       0x40 ..\obj\usbd_ioreq.o
 .debug_ranges  0x00000e50       0x20 ..\obj\stm32f0xx_misc.o

.debug_line     0x00000000     0x63e9
 .debug_line    0x00000000      0x774 ..\obj\usb_core.o
 .debug_line    0x00000774      0x5b2 ..\obj\stm32f0xx_rcc.o
 .debug_line    0x00000d26      0x216 ..\obj\usbd_usr.o
 .debug_line    0x00000f3c      0x204 ..\obj\utilities.o
 .debug_line    0x00001140      0x426 ..\obj\usbd_core.o
 .debug_line    0x00001566      0x972 ..\obj\main.o
 .debug_line    0x00001ed8       0xcd ..\obj\startup_stm32f0xx.o
 .debug_line    0x00001fa5      0x36b ..\obj\usbd_desc.o
 .debug_line    0x00002310      0x323 ..\obj\usbd_pwr.o
 .debug_line    0x00002633      0x365 ..\obj\stm32f0xx_gpio.o
 .debug_line    0x00002998      0x50c ..\obj\usbd_cdc_vcp.o
 .debug_line    0x00002ea4      0x64e ..\obj\stm32f0xx_usart.o
 .debug_line    0x000034f2      0x38a ..\obj\stm32f0xx_crs.o
 .debug_line    0x0000387c      0x2ea ..\obj\usb_bsp.o
 .debug_line    0x00003b66      0xa76 ..\obj\stm32f0xx_tim.o
 .debug_line    0x000045dc      0x3d1 ..\obj\usbd_req.o
 .debug_line    0x000049ad      0x165 ..\obj\stm32_it.o
 .debug_line    0x00004b12      0x343 ..\obj\usb_dcd_int.o
 .debug_line    0x00004e55      0x1b7 ..\obj\system_stm32f0xx.o
 .debug_line    0x0000500c      0x403 ..\obj\usbd_cdc_core.o
 .debug_line    0x0000540f      0x2cb ..\obj\stm32072b_eval.o
 .debug_line    0x000056da      0x392 ..\obj\usb_dcd.o
 .debug_line    0x00005a6c      0x3ce ..\obj\api_task.o
 .debug_line    0x00005e3a      0x2e9 ..\obj\usbd_ioreq.o
 .debug_line    0x00006123      0x2c6 ..\obj\stm32f0xx_misc.o

.debug_str      0x00000000     0x4890
 .debug_str     0x00000000      0x584 ..\obj\usb_core.o
                                0x5e5 (size before relaxing)
 .debug_str     0x00000584      0x609 ..\obj\stm32f0xx_rcc.o
                                0x7a2 (size before relaxing)
 .debug_str     0x00000b8d       0xfc ..\obj\usbd_usr.o
                                0x257 (size before relaxing)
 .debug_str     0x00000c89      0x1b9 ..\obj\utilities.o
                                0x327 (size before relaxing)
 .debug_str     0x00000e42      0x56b ..\obj\usbd_core.o
                                0x785 (size before relaxing)
 .debug_str     0x000013ad     0x10ce ..\obj\main.o
                               0x1781 (size before relaxing)
 .debug_str     0x0000247b      0x1f4 ..\obj\usbd_desc.o
                                0x431 (size before relaxing)
 .debug_str     0x0000266f      0x13b ..\obj\usbd_pwr.o
                                0x301 (size before relaxing)
 .debug_str     0x000027aa      0x18b ..\obj\stm32f0xx_gpio.o
                                0x4d0 (size before relaxing)
 .debug_str     0x00002935      0x19f ..\obj\usbd_cdc_vcp.o
                                0x6b0 (size before relaxing)
 .debug_str     0x00002ad4      0x616 ..\obj\stm32f0xx_usart.o
                                0x9d6 (size before relaxing)
 .debug_str     0x000030ea      0x2d1 ..\obj\stm32f0xx_crs.o
                                0x45e (size before relaxing)
 .debug_str     0x000033bb       0x69 ..\obj\usb_bsp.o
                                0x817 (size before relaxing)
 .debug_str     0x00003424      0x8d0 ..\obj\stm32f0xx_tim.o
                                0xe2a (size before relaxing)
 .debug_str     0x00003cf4      0x171 ..\obj\usbd_req.o
                                0x6df (size before relaxing)
 .debug_str     0x00003e65       0xc3 ..\obj\stm32_it.o
                                0x1cc (size before relaxing)
 .debug_str     0x00003f28       0xba ..\obj\usb_dcd_int.o
                                0x738 (size before relaxing)
 .debug_str     0x00003fe2       0xb7 ..\obj\system_stm32f0xx.o
                                0x2af (size before relaxing)
 .debug_str     0x00004099      0x1ff ..\obj\usbd_cdc_core.o
                                0x7b0 (size before relaxing)
 .debug_str     0x00004298      0x11f ..\obj\stm32072b_eval.o
                                0x563 (size before relaxing)
 .debug_str     0x000043b7       0xf0 ..\obj\usb_dcd.o
                                0x771 (size before relaxing)
 .debug_str     0x000044a7      0x246 ..\obj\api_task.o
                                0x5a1 (size before relaxing)
 .debug_str     0x000046ed       0x8f ..\obj\usbd_ioreq.o
                                0x5eb (size before relaxing)
 .debug_str     0x0000477c      0x114 ..\obj\stm32f0xx_misc.o
                                0x314 (size before relaxing)

.comment        0x00000000       0x70
 .comment       0x00000000       0x70 ..\obj\usb_core.o
                                 0x71 (size before relaxing)
 .comment       0x00000000       0x71 ..\obj\stm32f0xx_rcc.o
 .comment       0x00000000       0x71 ..\obj\usbd_usr.o
 .comment       0x00000000       0x71 ..\obj\utilities.o
 .comment       0x00000000       0x71 ..\obj\usbd_core.o
 .comment       0x00000000       0x71 ..\obj\main.o
 .comment       0x00000000       0x71 ..\obj\usbd_desc.o
 .comment       0x00000000       0x71 ..\obj\usbd_pwr.o
 .comment       0x00000000       0x71 ..\obj\stm32f0xx_gpio.o
 .comment       0x00000000       0x71 ..\obj\usbd_cdc_vcp.o
 .comment       0x00000000       0x71 ..\obj\stm32f0xx_usart.o
 .comment       0x00000000       0x71 ..\obj\stm32f0xx_crs.o
 .comment       0x00000000       0x71 ..\obj\usb_bsp.o
 .comment       0x00000000       0x71 ..\obj\stm32f0xx_tim.o
 .comment       0x00000000       0x71 ..\obj\usbd_req.o
 .comment       0x00000000       0x71 ..\obj\stm32_it.o
 .comment       0x00000000       0x71 ..\obj\usb_dcd_int.o
 .comment       0x00000000       0x71 ..\obj\system_stm32f0xx.o
 .comment       0x00000000       0x71 ..\obj\usbd_cdc_core.o
 .comment       0x00000000       0x71 ..\obj\stm32072b_eval.o
 .comment       0x00000000       0x71 ..\obj\usb_dcd.o
 .comment       0x00000000       0x71 ..\obj\api_task.o
 .comment       0x00000000       0x71 ..\obj\usbd_ioreq.o
 .comment       0x00000000       0x71 ..\obj\stm32f0xx_misc.o

.ARM.attributes
                0x00000000       0x2f
 .ARM.attributes
                0x00000000       0x31 ..\obj\usb_core.o
 .ARM.attributes
                0x00000031       0x31 ..\obj\stm32f0xx_rcc.o
 .ARM.attributes
                0x00000062       0x31 ..\obj\usbd_usr.o
 .ARM.attributes
                0x00000093       0x31 ..\obj\utilities.o
 .ARM.attributes
                0x000000c4       0x31 ..\obj\usbd_core.o
 .ARM.attributes
                0x000000f5       0x31 ..\obj\main.o
 .ARM.attributes
                0x00000126       0x21 ..\obj\startup_stm32f0xx.o
 .ARM.attributes
                0x00000147       0x31 ..\obj\usbd_desc.o
 .ARM.attributes
                0x00000178       0x31 ..\obj\usbd_pwr.o
 .ARM.attributes
                0x000001a9       0x31 ..\obj\stm32f0xx_gpio.o
 .ARM.attributes
                0x000001da       0x31 ..\obj\usbd_cdc_vcp.o
 .ARM.attributes
                0x0000020b       0x31 ..\obj\stm32f0xx_usart.o
 .ARM.attributes
                0x0000023c       0x31 ..\obj\stm32f0xx_crs.o
 .ARM.attributes
                0x0000026d       0x31 ..\obj\usb_bsp.o
 .ARM.attributes
                0x0000029e       0x31 ..\obj\stm32f0xx_tim.o
 .ARM.attributes
                0x000002cf       0x31 ..\obj\usbd_req.o
 .ARM.attributes
                0x00000300       0x31 ..\obj\stm32_it.o
 .ARM.attributes
                0x00000331       0x31 ..\obj\usb_dcd_int.o
 .ARM.attributes
                0x00000362       0x31 ..\obj\system_stm32f0xx.o
 .ARM.attributes
                0x00000393       0x31 ..\obj\usbd_cdc_core.o
 .ARM.attributes
                0x000003c4       0x31 ..\obj\stm32072b_eval.o
 .ARM.attributes
                0x000003f5       0x31 ..\obj\usb_dcd.o
 .ARM.attributes
                0x00000426       0x31 ..\obj\api_task.o
 .ARM.attributes
                0x00000457       0x31 ..\obj\usbd_ioreq.o
 .ARM.attributes
                0x00000488       0x31 ..\obj\stm32f0xx_misc.o
 .ARM.attributes
                0x000004b9       0x1e c:/program files (x86)/gnu tools arm embedded/4.9 2015q3/bin/../lib/gcc/arm-none-eabi/4.9.3/armv6-m\libgcc.a(_udivsi3.o)
 .ARM.attributes
                0x000004d7       0x1e c:/program files (x86)/gnu tools arm embedded/4.9 2015q3/bin/../lib/gcc/arm-none-eabi/4.9.3/armv6-m\libgcc.a(_dvmd_tls.o)

.debug_frame    0x00000000     0x217c
 .debug_frame   0x00000000      0x3fc ..\obj\usb_core.o
 .debug_frame   0x000003fc      0x2c0 ..\obj\stm32f0xx_rcc.o
 .debug_frame   0x000006bc       0x60 ..\obj\usbd_usr.o
 .debug_frame   0x0000071c       0xbc ..\obj\utilities.o
 .debug_frame   0x000007d8      0x120 ..\obj\usbd_core.o
 .debug_frame   0x000008f8      0x388 ..\obj\main.o
 .debug_frame   0x00000c80       0xd4 ..\obj\usbd_desc.o
 .debug_frame   0x00000d54       0x60 ..\obj\usbd_pwr.o
 .debug_frame   0x00000db4      0x108 ..\obj\stm32f0xx_gpio.o
 .debug_frame   0x00000ebc       0xc4 ..\obj\usbd_cdc_vcp.o
 .debug_frame   0x00000f80      0x354 ..\obj\stm32f0xx_usart.o
 .debug_frame   0x000012d4      0x148 ..\obj\stm32f0xx_crs.o
 .debug_frame   0x0000141c       0x40 ..\obj\usb_bsp.o
 .debug_frame   0x0000145c      0x68c ..\obj\stm32f0xx_tim.o
 .debug_frame   0x00001ae8       0xa8 ..\obj\usbd_req.o
 .debug_frame   0x00001b90       0x78 ..\obj\stm32_it.o
 .debug_frame   0x00001c08       0x54 ..\obj\usb_dcd_int.o
 .debug_frame   0x00001c5c       0x3c ..\obj\system_stm32f0xx.o
 .debug_frame   0x00001c98       0xd8 ..\obj\usbd_cdc_core.o
 .debug_frame   0x00001d70       0x30 ..\obj\stm32072b_eval.o
 .debug_frame   0x00001da0      0x170 ..\obj\usb_dcd.o
 .debug_frame   0x00001f10      0x150 ..\obj\api_task.o
 .debug_frame   0x00002060       0xb0 ..\obj\usbd_ioreq.o
 .debug_frame   0x00002110       0x4c ..\obj\stm32f0xx_misc.o
 .debug_frame   0x0000215c       0x20 c:/program files (x86)/gnu tools arm embedded/4.9 2015q3/bin/../lib/gcc/arm-none-eabi/4.9.3/armv6-m\libgcc.a(_udivsi3.o)
